
1 . 22.11.2023 17:00:42 : Input string was not in a correct format.
2 . 22.11.2023 17:00:43 : Input string was not in a correct format.
3 . 22.11.2023 17:00:44 : Input string was not in a correct format.
4 . 22.11.2023 17:00:45 : Input string was not in a correct format.
5 . 22.11.2023 17:00:45 : Input string was not in a correct format.
